<?xml version="1.0" encoding="UTF-8"?>
<testsuites name="jest tests" tests="57" failures="0" errors="0" time="5.112">
  <testsuite name="Coaching status panel" errors="0" failures="0" skipped="0" timestamp="2023-02-27T16:51:32" time="2.612" tests="1">
    <testcase classname="Coaching status panel renders correct snapshot" name="Coaching status panel renders correct snapshot" time="0.022">
    </testcase>
  </testsuite>
  <testsuite name="add task canvas" errors="0" failures="0" skipped="0" timestamp="2023-02-27T16:51:32" time="2.679" tests="1">
    <testcase classname="add task canvas Task canvas Tabs" name="add task canvas Task canvas Tabs" time="0.002">
    </testcase>
  </testsuite>
  <testsuite name="add transfer button" errors="0" failures="0" skipped="0" timestamp="2023-02-27T16:51:32" time="2.701" tests="1">
    <testcase classname="add transfer button Call canvas added" name="add transfer button Call canvas added" time="0.001">
    </testcase>
  </testsuite>
  <testsuite name="add task canvas" errors="0" failures="0" skipped="0" timestamp="2023-02-27T16:51:32" time="2.775" tests="1">
    <testcase classname="add task canvas Task canvas Tabs" name="add task canvas Task canvas Tabs" time="0.005">
    </testcase>
  </testsuite>
  <testsuite name="Supervisor Monitor panel" errors="0" failures="0" skipped="0" timestamp="2023-02-27T16:51:32" time="2.918" tests="1">
    <testcase classname="Supervisor Monitor panel renders correct snapshot" name="Supervisor Monitor panel renders correct snapshot" time="0.053">
    </testcase>
  </testsuite>
  <testsuite name="Supervisor private button" errors="0" failures="0" skipped="0" timestamp="2023-02-27T16:51:32" time="3.054" tests="2">
    <testcase classname="Supervisor private button renders the snapshot correctly" name="Supervisor private button renders the snapshot correctly" time="0.019">
    </testcase>
    <testcase classname="Supervisor private button call coachHandleClick successfully" name="Supervisor private button call coachHandleClick successfully" time="0.039">
    </testcase>
  </testsuite>
  <testsuite name="enable or disable BargeCoachButtonsUponMonitor" errors="0" failures="0" skipped="0" timestamp="2023-02-27T16:51:34" time="0.478" tests="4">
    <testcase classname="enable or disable BargeCoachButtonsUponMonitor adds afterMonitorCall listener for enable bargeCoach" name="enable or disable BargeCoachButtonsUponMonitor adds afterMonitorCall listener for enable bargeCoach" time="0.001">
    </testcase>
    <testcase classname="enable or disable BargeCoachButtonsUponMonitor should call initSyncDoc with correct parameters for enable scenario" name="enable or disable BargeCoachButtonsUponMonitor should call initSyncDoc with correct parameters for enable scenario" time="0.006">
    </testcase>
    <testcase classname="enable or disable BargeCoachButtonsUponMonitor adds afterMonitorCall listener for disable bargeCoach" name="enable or disable BargeCoachButtonsUponMonitor adds afterMonitorCall listener for disable bargeCoach" time="0.001">
    </testcase>
    <testcase classname="enable or disable BargeCoachButtonsUponMonitor should call initSyncDoc with correct parameters for disbale scenario" name="enable or disable BargeCoachButtonsUponMonitor should call initSyncDoc with correct parameters for disbale scenario" time="0">
    </testcase>
  </testsuite>
  <testsuite name="enable or disable BargeCoachButtonsUponMonitor" errors="0" failures="0" skipped="0" timestamp="2023-02-27T16:51:35" time="0.436" tests="1">
    <testcase classname="enable or disable BargeCoachButtonsUponMonitor clean state and sync upon agent hangup" name="enable or disable BargeCoachButtonsUponMonitor clean state and sync upon agent hangup" time="0.001">
    </testcase>
  </testsuite>
  <testsuite name="utils/common/ApiService" errors="0" failures="0" skipped="0" timestamp="2023-02-27T16:51:35" time="0.325" tests="4">
    <testcase classname="utils/common/ApiService should provide access to the Flex Manager instance" name="utils/common/ApiService should provide access to the Flex Manager instance" time="0.002">
    </testcase>
    <testcase classname="utils/common/ApiService should build encoded params into a string to use as the body for serverless reqeusts" name="utils/common/ApiService should build encoded params into a string to use as the body for serverless reqeusts" time="0">
    </testcase>
    <testcase classname="utils/common/ApiService fetchJsonWithReject should return json response" name="utils/common/ApiService fetchJsonWithReject should return json response" time="0.002">
    </testcase>
    <testcase classname="utils/common/ApiService fetchJsonWithReject should throw error" name="utils/common/ApiService fetchJsonWithReject should throw error" time="0.001">
    </testcase>
  </testsuite>
  <testsuite name="SupervisorBargeCoachButtons component enable to disable" errors="0" failures="0" skipped="0" timestamp="2023-02-27T16:51:32" time="3.41" tests="7">
    <testcase classname="SupervisorBargeCoachButtons component enable to disable renders correctly" name="SupervisorBargeCoachButtons component enable to disable renders correctly" time="0.029">
    </testcase>
    <testcase classname="SupervisorBargeCoachButtons component enable to disable call coachHandleClick successfully" name="SupervisorBargeCoachButtons component enable to disable call coachHandleClick successfully" time="0.045">
    </testcase>
    <testcase classname="SupervisorBargeCoachButtons component enable to disable call coachHandleClick error due to mismatching workerSID" name="SupervisorBargeCoachButtons component enable to disable call coachHandleClick error due to mismatching workerSID" time="0.017">
    </testcase>
    <testcase classname="SupervisorBargeCoachButtons component enable to disable call coachHandleClick error due to no conferenceSID" name="SupervisorBargeCoachButtons component enable to disable call coachHandleClick error due to no conferenceSID" time="0.016">
    </testcase>
    <testcase classname="SupervisorBargeCoachButtons component enable to disable call bargeHandleClick successfully" name="SupervisorBargeCoachButtons component enable to disable call bargeHandleClick successfully" time="0.016">
    </testcase>
    <testcase classname="SupervisorBargeCoachButtons component enable to disable call bargeHandleClick error due to mismatching workerSID" name="SupervisorBargeCoachButtons component enable to disable call bargeHandleClick error due to mismatching workerSID" time="0.019">
    </testcase>
    <testcase classname="SupervisorBargeCoachButtons component enable to disable call bargeHandleClick error due to no conferenceSID" name="SupervisorBargeCoachButtons component enable to disable call bargeHandleClick error due to no conferenceSID" time="0.017">
    </testcase>
  </testsuite>
  <testsuite name="Prepare Flex Function" errors="0" failures="0" skipped="0" timestamp="2023-02-27T16:51:34" time="0.738" tests="4">
    <testcase classname="Prepare Flex Function prepareFlexFunction is called successfully " name="Prepare Flex Function prepareFlexFunction is called successfully " time="0.045">
    </testcase>
    <testcase classname="Prepare Function prepareFlexFunction is called successfully " name="Prepare Function prepareFlexFunction is called successfully " time="0.001">
    </testcase>
    <testcase classname="Prepare Function prepareFlexFunction returns error 400" name="Prepare Function prepareFlexFunction returns error 400" time="0">
    </testcase>
    <testcase classname="Prepare Function prepareFlexFunction error handler" name="Prepare Function prepareFlexFunction error handler" time="0">
    </testcase>
  </testsuite>
  <testsuite name="Participant mute and coach" errors="0" failures="0" skipped="0" timestamp="2023-02-27T16:51:34" time="0.78" tests="2">
    <testcase classname="Participant mute and coach participant mute and coach - coachToggle is called successfully " name="Participant mute and coach participant mute and coach - coachToggle is called successfully " time="0.029">
    </testcase>
    <testcase classname="Participant mute and coach participant mute and coach - bargeToggle is called successfully " name="Participant mute and coach participant mute and coach - bargeToggle is called successfully " time="0">
    </testcase>
  </testsuite>
  <testsuite name="Conference Participant" errors="0" failures="0" skipped="0" timestamp="2023-02-27T16:51:34" time="0.84" tests="17">
    <testcase classname="Conference Participant coachToggle should throw error due to invalid context " name="Conference Participant coachToggle should throw error due to invalid context " time="0.008">
    </testcase>
    <testcase classname="Conference Participant coachToggle should throw error due to invalid conferenceSid " name="Conference Participant coachToggle should throw error due to invalid conferenceSid " time="0">
    </testcase>
    <testcase classname="Conference Participant coachToggle should throw error due to invalid participantSid " name="Conference Participant coachToggle should throw error due to invalid participantSid " time="0">
    </testcase>
    <testcase classname="Conference Participant coachToggle should throw error due to invalid agentSid " name="Conference Participant coachToggle should throw error due to invalid agentSid " time="0.001">
    </testcase>
    <testcase classname="Conference Participant coachToggle should throw error due to invalid muted " name="Conference Participant coachToggle should throw error due to invalid muted " time="0">
    </testcase>
    <testcase classname="Conference Participant coachToggle should throw error due to invalid coaching " name="Conference Participant coachToggle should throw error due to invalid coaching " time="0">
    </testcase>
    <testcase classname="Conference Participant coachToggle should throw error due to invalid attempts " name="Conference Participant coachToggle should throw error due to invalid attempts " time="0">
    </testcase>
    <testcase classname="Conference Participant updateParticipant should be called successfully " name="Conference Participant updateParticipant should be called successfully " time="0.001">
    </testcase>
    <testcase classname="Conference Participant bargeToggle should throw error due to invalid attempts " name="Conference Participant bargeToggle should throw error due to invalid attempts " time="0">
    </testcase>
    <testcase classname="Conference Participant bargeToggle should throw error due to invalid muted " name="Conference Participant bargeToggle should throw error due to invalid muted " time="0">
    </testcase>
    <testcase classname="Conference Participant bargeToggle should throw error due to invalid participantSid " name="Conference Participant bargeToggle should throw error due to invalid participantSid " time="0">
    </testcase>
    <testcase classname="Conference Participant bargeToggle should throw error due to invalid conferenceSid " name="Conference Participant bargeToggle should throw error due to invalid conferenceSid " time="0">
    </testcase>
    <testcase classname="Conference Participant bargeToggle should throw error due to invalid context " name="Conference Participant bargeToggle should throw error due to invalid context " time="0">
    </testcase>
    <testcase classname="Conference Participant updateParticipant should throw error due to invalid endConferenceOnExit " name="Conference Participant updateParticipant should throw error due to invalid endConferenceOnExit " time="0">
    </testcase>
    <testcase classname="Conference Participant updateParticipant should throw error due to invalid participant " name="Conference Participant updateParticipant should throw error due to invalid participant " time="0">
    </testcase>
    <testcase classname="Conference Participant updateParticipant should throw error due to invalid conference " name="Conference Participant updateParticipant should throw error due to invalid conference " time="0">
    </testcase>
    <testcase classname="Conference Participant updateParticipant should throw error due to invalid context " name="Conference Participant updateParticipant should throw error due to invalid context " time="0.001">
    </testcase>
  </testsuite>
  <testsuite name="undefined" errors="0" failures="0" skipped="0" timestamp="2023-02-27T16:51:35" time="0.146" tests="5">
    <testcase classname=" parameterValitor returns success with strings" name=" parameterValitor returns success with strings" time="0.001">
    </testcase>
    <testcase classname=" parameterValitor returns success with object" name=" parameterValitor returns success with object" time="0">
    </testcase>
    <testcase classname=" parameterValitor returns error with strings" name=" parameterValitor returns error with strings" time="0">
    </testcase>
    <testcase classname=" parameterValitor returns error with object" name=" parameterValitor returns error with object" time="0">
    </testcase>
    <testcase classname=" parameterValitor returns error with numerical keys" name=" parameterValitor returns error with numerical keys" time="0">
    </testcase>
  </testsuite>
  <testsuite name="Retry Handler" errors="0" failures="0" skipped="0" timestamp="2023-02-27T16:51:35" time="0.173" tests="3">
    <testcase classname="Retry Handler throws invalid parameter error" name="Retry Handler throws invalid parameter error" time="0.002">
    </testcase>
    <testcase classname="Retry Handler returns failed status" name="Retry Handler returns failed status" time="0.003">
    </testcase>
    <testcase classname="Retry Handler retry callback is called" name="Retry Handler retry callback is called" time="0.002">
    </testcase>
  </testsuite>
  <testsuite name="sdk-clients/SyncClient" errors="0" failures="0" skipped="0" timestamp="2023-02-27T16:51:35" time="0.326" tests="2">
    <testcase classname="sdk-clients/SyncClient should create a SyncClient instance" name="sdk-clients/SyncClient should create a SyncClient instance" time="0.001">
    </testcase>
    <testcase classname="sdk-clients/SyncClient getAllSyncMapItems should load and return all of paginated data" name="sdk-clients/SyncClient getAllSyncMapItems should load and return all of paginated data" time="0.002">
    </testcase>
  </testsuite>
  <testsuite name="Sync Client" errors="0" failures="0" skipped="0" timestamp="2023-02-27T16:51:35" time="0.336" tests="1">
    <testcase classname="Sync Client adds tokenUpdated listener for sync" name="Sync Client adds tokenUpdated listener for sync" time="0.002">
    </testcase>
  </testsuite>
</testsuites>